2021-04-06 12:37:38,144:__main__:Zero Division Error
Traceback (most recent call last):
  File "C:/Users/HSBC/PycharmProjects/FlaskLearningRepo/EmployeeRestAPI.py", line 70, in <module>
    y = 2/0
ZeroDivisionError: division by zero
